{"message": "test log entry", "level": "info", "timestamp": 1761692597000}
